GLIBC_2.0 {
  global:
	__udivdi3;
	__register_frame;
	__register_frame_table;
	__divdi3;
	__frame_state_for;
	__umoddi3;
	__register_frame_info_table;
	__moddi3;
	__deregister_frame_info;
	__register_frame_info;
	__deregister_frame;

	*;
};
GCC_3.0 {
  global:
	__mulvsi3;
	__register_frame_info_table_bases;
	__fixdfdi;
	__eqdf2;
	__gtsf2;
	_Unwind_Find_FDE;
	__addvdi3;
	__deregister_frame_info_bases;
	__fixsfdi;
	__lesf2;
	__negsf2;
	__negdi2;
	__subdf3;
	__floatdisf;
	__ltsf2;
	__divsf3;
	__gedf2;
	_Unwind_SetIP;
	_Unwind_GetGR;
	_Unwind_Resume;
	__mulvdi3;
	__nesf2;
	__gtdf2;
	__register_frame_info_bases;
	__floatsisf;
	__extendsfdf2;
	__mulsf3;
	__muldi3;
	__ledf2;
	__negdf2;
	__floatdidf;
	_Unwind_GetLanguageSpecificData;
	__truncdfsf2;
	__udivmoddi4;
	_Unwind_GetDataRelBase;
	__ltdf2;
	__divdf3;
	_Unwind_RaiseException;
	__lshrdi3;
	__fixunsdfsi;
	_Unwind_GetRegionStart;
	__nedf2;
	__subvsi3;
	__fixunssfsi;
	__floatsidf;
	__absvsi2;
	_Unwind_DeleteException;
	__muldf3;
	__clear_cache;
	__negvsi2;
	__ashldi3;
	__addsf3;
	__ucmpdi2;
	__ashrdi3;
	__fixunsdfdi;
	_Unwind_SetGR;
	__subsf3;
	_Unwind_GetIP;
	__eqsf2;
	__fixdfsi;
	__addvsi3;
	__fixunssfdi;
	__fixsfsi;
	__subvdi3;
	__absvdi2;
	__cmpdi2;
	__ffsdi2;
	_Unwind_ForcedUnwind;
	_Unwind_GetTextRelBase;
	__negvdi2;
	__gesf2;
	__adddf3;
} GLIBC_2.0;
GCC_3.3 {
  global:
	_Unwind_GetCFA;
	_Unwind_Resume_or_Rethrow;
	_Unwind_FindEnclosingFunction;
	_Unwind_Backtrace;
} GCC_3.0;
GCC_3.3.1 {
  global:
	__gcc_personality_v0;
} GCC_3.3;
GCC_3.3.4 {
  global:
	__unordsf2;
	__unorddf2;
} GCC_3.3.1;
GCC_3.4 {
  global:
	__popcountsi2;
	__ctzsi2;
	__clzsi2;
	__popcountdi2;
	__ctzdi2;
	__clzdi2;
	__paritysi2;
	__paritydi2;
} GCC_3.3.4;
GCC_3.4.2 {
  global:
	__enable_execute_stack;
} GCC_3.4;
GCC_4.0.0 {
  global:
	__powidf2;
	__divsc3;
	__mulsc3;
	__divdc3;
	__powisf2;
	__muldc3;
} GCC_3.4.2;
GCC_4.2.0 {
  global:
	_Unwind_GetIPInfo;
	__floatundisf;
	__floatunsisf;
	__floatundidf;
	__floatunsidf;
} GCC_4.0.0;
GCC_4.3.0 {
  global:
	__bswapsi2;
	__emutls_register_common;
	__ffssi2;
	__bswapdi2;
	__emutls_get_address;
} GCC_4.2.0;
GCC_4.4.0 {
  global:
	__mips16_muldf3;
	__mips16_floatsidf;
	__mips16_call_stub_sf_0;
	__mips16_call_stub_sf_1;
	__mips16_call_stub_sf_2;
	__mips16_call_stub_sf_5;
	__mips16_call_stub_sf_6;
	__mips16_call_stub_sf_9;
	__sync_bool_compare_and_swap_1;
	__sync_bool_compare_and_swap_2;
	__sync_bool_compare_and_swap_4;
	__mips16_addsf3;
	__mips16_call_stub_1;
	__mips16_call_stub_2;
	__mips16_call_stub_5;
	__mips16_call_stub_6;
	__mips16_call_stub_9;
	__sync_and_and_fetch_1;
	__sync_and_and_fetch_2;
	__sync_and_and_fetch_4;
	__mips16_nedf2;
	__mips16_call_stub_sc_10;
	__sync_val_compare_and_swap_1;
	__sync_val_compare_and_swap_2;
	__sync_val_compare_and_swap_4;
	__mips16_floatunsidf;
	__mips16_call_stub_dc_0;
	__mips16_call_stub_dc_1;
	__mips16_call_stub_dc_2;
	__mips16_call_stub_dc_5;
	__mips16_call_stub_dc_6;
	__mips16_call_stub_dc_9;
	__mips16_call_stub_sf_10;
	__mips16_subsf3;
	__mips16_call_stub_10;
	__mips16_call_stub_sc_0;
	__mips16_call_stub_sc_1;
	__mips16_call_stub_sc_2;
	__mips16_call_stub_sc_5;
	__sync_nand_and_fetch_1;
	__sync_sub_and_fetch_1;
	__mips16_call_stub_sc_6;
	__sync_nand_and_fetch_2;
	__sync_sub_and_fetch_2;
	__sync_nand_and_fetch_4;
	__sync_sub_and_fetch_4;
	__mips16_call_stub_sc_9;
	__mips16_ret_sc;
	__mips16_ret_sf;
	__sync_fetch_and_add_1;
	__sync_fetch_and_add_2;
	__sync_fetch_and_add_4;
	__mips16_eqsf2;
	__mips16_adddf3;
	__sync_fetch_and_and_1;
	__sync_fetch_and_and_2;
	__sync_fetch_and_and_4;
	__sync_or_and_fetch_1;
	__sync_or_and_fetch_2;
	__sync_or_and_fetch_4;
	__mips16_fix_truncdfsi;
	__sync_fetch_and_sub_1;
	__sync_fetch_and_sub_2;
	__sync_fetch_and_sub_4;
	__mips16_subdf3;
	__mips16_gesf2;
	__mips16_fix_truncsfsi;
	__mips16_lesf2;
	__mips16_ret_dc;
	__mips16_ret_df;
	__mips16_eqdf2;
	__mips16_gtsf2;
	__mips16_ltsf2;
	__sync_fetch_and_nand_1;
	__sync_fetch_and_nand_2;
	__sync_fetch_and_nand_4;
	__mips16_divsf3;
	__sync_add_and_fetch_1;
	__sync_add_and_fetch_2;
	__sync_add_and_fetch_4;
	__sync_fetch_and_or_1;
	__sync_fetch_and_or_2;
	__sync_fetch_and_or_4;
	__mips16_mulsf3;
	__mips16_floatsisf;
	__mips16_extendsfdf2;
	__sync_xor_and_fetch_1;
	__sync_xor_and_fetch_2;
	__sync_xor_and_fetch_4;
	__mips16_gedf2;
	__mips16_call_stub_dc_10;
	__sync_synchronize;
	__mips16_ledf2;
	__mips16_nesf2;
	__mips16_truncdfsf2;
	__sync_fetch_and_xor_1;
	__sync_fetch_and_xor_2;
	__sync_fetch_and_xor_4;
	__mips16_gtdf2;
	__mips16_call_stub_df_10;
	__mips16_ltdf2;
	__mips16_floatunsisf;
	__mips16_call_stub_df_0;
	__mips16_divdf3;
	__mips16_call_stub_df_1;
	__mips16_call_stub_df_2;
	__mips16_call_stub_df_5;
	__mips16_call_stub_df_6;
	__sync_lock_test_and_set_1;
	__sync_lock_test_and_set_2;
	__mips16_call_stub_df_9;
	__sync_lock_test_and_set_4;
} GCC_4.3.0;
GCC_4.7.0 {
  global:
	__clrsbdi2;
	__clrsbsi2;
} GCC_4.4.0;
